<!-- tetris highscores -->
<div id="tetris-highscores">
  <table>
    <tr>
      <td class="name">cmb</td>
      <td class="score">10000</td>
    </tr>
  </table>
</div>
