<script type="text/javascript" src="./plugins/tetris/tetris.js"></script>
<script type="text/javascript">/* <![CDATA[ */
    var TETRIS_HIGHSCORES = "/?Tetris&tetris_action=";
    var TETRIS_FALLDOWN = true;
    var TETRIS_SPEED_INITIAL = 600;
    var TETRIS_SPEED_ACCELERATION = 50;
    var TETRIS_TX = {"syscheck_extension":"the PHP extension '%s' is loaded","syscheck_fail":"failure","syscheck_message":"Checking that %1$s \u2026 %2$s","syscheck_phpversion":"PHP version \u2265 %s","syscheck_plugin":"the CMSimple_XH plugin '%s' is installed","syscheck_success":"okay","syscheck_title":"System check","syscheck_warning":"warning","syscheck_writable":"'%s' is writable","syscheck_xhversion":"CMSimple_XH version \u2265 %s","label_ok":"Ok","label_cancel":"Cancel","label_play":"Play","label_highscores":"Highscores","label_rules":"Rules","label_start":"Start","label_stop":"Stop","label_pause":"Pause","label_resume":"Resume","label_left":"Left","label_right":"Right","label_rotate":"Rotate","label_down":"Down","label_level":"Level","label_rows":"Rows","label_score":"Score","message_howto_play":"<p>How to play Tetris is explained at <a href=\"http:\/\/en.wikipedia.org\/wiki\/Tetris#Gameplay\" target=\"_blank\">Wikipedia<\/a>.<\/p><p>Use the following keys (the arrow keys don't work in all browsers):<\/p>","error_no_js":"Javascript must be enabled in your browser to play!","alt_logo":"Tetris cube"};
/* ]]> */</script>
